Analysis & Elaboration report for Assignment
Thu Oct 19 00:06:43 2023
Quartus Prime Version 18.1.0 Build 625 09/12/2018 SJ Lite Edition


---------------------
; Table of Contents ;
---------------------
  1. Legal Notice
  2. Analysis & Elaboration Summary
  3. Parallel Compilation
  4. Analysis & Elaboration IP Cores Summary
  5. Parameter Settings for User Entity Instance: ALU:test1
  6. Parameter Settings for User Entity Instance: ALU:test1|mult:MULT|lpm_mult:lpm_mult_component
  7. Parameter Settings for User Entity Instance: ALU:test2
  8. Parameter Settings for User Entity Instance: ALU:test2|mult:MULT|lpm_mult:lpm_mult_component
  9. Parameter Settings for User Entity Instance: ALU:test3
 10. Parameter Settings for User Entity Instance: ALU:test3|mult:MULT|lpm_mult:lpm_mult_component
 11. Parameter Settings for User Entity Instance: ALU:test4
 12. Parameter Settings for User Entity Instance: ALU:test4|mult:MULT|lpm_mult:lpm_mult_component
 13. Parameter Settings for User Entity Instance: ALU:test5
 14. Parameter Settings for User Entity Instance: ALU:test5|mult:MULT|lpm_mult:lpm_mult_component
 15. Parameter Settings for User Entity Instance: mult:MULTIPLICATION|lpm_mult:lpm_mult_component
 16. lpm_mult Parameter Settings by Entity Instance
 17. Analysis & Elaboration Settings
 18. Port Connectivity Checks: "mult:MULTIPLICATION"
 19. Port Connectivity Checks: "ALU:test5"
 20. Port Connectivity Checks: "ALU:test4"
 21. Port Connectivity Checks: "ALU:test3"
 22. Port Connectivity Checks: "ALU:test2"
 23. Port Connectivity Checks: "ALU:test1|mult:MULT"
 24. Port Connectivity Checks: "ALU:test1"
 25. Analysis & Elaboration Messages
 26. Analysis & Elaboration Suppressed Messages



----------------
; Legal Notice ;
----------------
Copyright (C) 2018  Intel Corporation. All rights reserved.
Your use of Intel Corporation's design tools, logic functions 
and other software and tools, and its AMPP partner logic 
functions, and any output files from any of the foregoing 
(including device programming or simulation files), and any 
associated documentation or information are expressly subject 
to the terms and conditions of the Intel Program License 
Subscription Agreement, the Intel Quartus Prime License Agreement,
the Intel FPGA IP License Agreement, or other applicable license
agreement, including, without limitation, that your use is for
the sole purpose of programming logic devices manufactured by
Intel and sold by Intel or its authorized distributors.  Please
refer to the applicable agreement for further details.



+----------------------------------------------------------------------------------+
; Analysis & Elaboration Summary                                                   ;
+------------------------------------+---------------------------------------------+
; Analysis & Elaboration Status      ; Successful - Thu Oct 19 00:06:43 2023       ;
; Quartus Prime Version              ; 18.1.0 Build 625 09/12/2018 SJ Lite Edition ;
; Revision Name                      ; Assignment                                  ;
; Top-level Entity Name              ; ALU_tb                                      ;
; Family                             ; MAX 10                                      ;
; Total logic elements               ; N/A until Partition Merge                   ;
;     Total combinational functions  ; N/A until Partition Merge                   ;
;     Dedicated logic registers      ; N/A until Partition Merge                   ;
; Total registers                    ; N/A until Partition Merge                   ;
; Total pins                         ; N/A until Partition Merge                   ;
; Total virtual pins                 ; N/A until Partition Merge                   ;
; Total memory bits                  ; N/A until Partition Merge                   ;
; Embedded Multiplier 9-bit elements ; N/A until Partition Merge                   ;
; Total PLLs                         ; N/A until Partition Merge                   ;
; UFM blocks                         ; N/A until Partition Merge                   ;
; ADC blocks                         ; N/A until Partition Merge                   ;
+------------------------------------+---------------------------------------------+


+------------------------------------------+
; Parallel Compilation                     ;
+----------------------------+-------------+
; Processors                 ; Number      ;
+----------------------------+-------------+
; Number detected on machine ; 8           ;
; Maximum allowed            ; 4           ;
;                            ;             ;
; Average used               ; 1.00        ;
; Maximum used               ; 1           ;
;                            ;             ;
; Usage by Processor         ; % Time Used ;
;     Processor 1            ; 100.0%      ;
+----------------------------+-------------+


+---------------------------------------------------------------------------------------------------------------+
; Analysis & Elaboration IP Cores Summary                                                                       ;
+--------+--------------+---------+--------------+--------------+-----------------------------+-----------------+
; Vendor ; IP Core Name ; Version ; Release Date ; License Type ; Entity Instance             ; IP Include File ;
+--------+--------------+---------+--------------+--------------+-----------------------------+-----------------+
; Altera ; LPM_MULT     ; 18.1    ; N/A          ; N/A          ; |ALU_tb|mult:MULTIPLICATION ; mult.v          ;
; Altera ; LPM_MULT     ; 18.1    ; N/A          ; N/A          ; |ALU_tb|ALU:test1|mult:MULT ; mult.v          ;
; Altera ; LPM_MULT     ; 18.1    ; N/A          ; N/A          ; |ALU_tb|ALU:test2|mult:MULT ; mult.v          ;
; Altera ; LPM_MULT     ; 18.1    ; N/A          ; N/A          ; |ALU_tb|ALU:test3|mult:MULT ; mult.v          ;
; Altera ; LPM_MULT     ; 18.1    ; N/A          ; N/A          ; |ALU_tb|ALU:test4|mult:MULT ; mult.v          ;
; Altera ; LPM_MULT     ; 18.1    ; N/A          ; N/A          ; |ALU_tb|ALU:test5|mult:MULT ; mult.v          ;
+--------+--------------+---------+--------------+--------------+-----------------------------+-----------------+


+--------------------------------------------------------+
; Parameter Settings for User Entity Instance: ALU:test1 ;
+----------------+-------+-------------------------------+
; Parameter Name ; Value ; Type                          ;
+----------------+-------+-------------------------------+
; ZERO           ; 0000  ; Unsigned Binary               ;
; ONE            ; 0001  ; Unsigned Binary               ;
; TWO            ; 0010  ; Unsigned Binary               ;
; THREE          ; 0011  ; Unsigned Binary               ;
; FOUR           ; 0100  ; Unsigned Binary               ;
+----------------+-------+-------------------------------+
Note: In order to hide this table in the UI and the text report file, please set the "Show Parameter Settings in Synthesis Report" option in "Analysis and Synthesis Settings -> More Settings" to "Off".


+----------------------------------------------------------------------------------------------+
; Parameter Settings for User Entity Instance: ALU:test1|mult:MULT|lpm_mult:lpm_mult_component ;
+------------------------------------------------+----------+----------------------------------+
; Parameter Name                                 ; Value    ; Type                             ;
+------------------------------------------------+----------+----------------------------------+
; AUTO_CARRY_CHAINS                              ; ON       ; AUTO_CARRY                       ;
; IGNORE_CARRY_BUFFERS                           ; OFF      ; IGNORE_CARRY                     ;
; AUTO_CASCADE_CHAINS                            ; ON       ; AUTO_CASCADE                     ;
; IGNORE_CASCADE_BUFFERS                         ; OFF      ; IGNORE_CASCADE                   ;
; LPM_WIDTHA                                     ; 16       ; Signed Integer                   ;
; LPM_WIDTHB                                     ; 16       ; Signed Integer                   ;
; LPM_WIDTHP                                     ; 32       ; Signed Integer                   ;
; LPM_WIDTHR                                     ; 0        ; Untyped                          ;
; LPM_WIDTHS                                     ; 1        ; Untyped                          ;
; LPM_REPRESENTATION                             ; SIGNED   ; Untyped                          ;
; LPM_PIPELINE                                   ; 0        ; Untyped                          ;
; LATENCY                                        ; 0        ; Untyped                          ;
; INPUT_A_IS_CONSTANT                            ; NO       ; Untyped                          ;
; INPUT_B_IS_CONSTANT                            ; NO       ; Untyped                          ;
; USE_EAB                                        ; OFF      ; Untyped                          ;
; MAXIMIZE_SPEED                                 ; 5        ; Untyped                          ;
; DEVICE_FAMILY                                  ; MAX 10   ; Untyped                          ;
; CARRY_CHAIN                                    ; MANUAL   ; Untyped                          ;
; APEX20K_TECHNOLOGY_MAPPER                      ; LUT      ; TECH_MAPPER_APEX20K              ;
; DEDICATED_MULTIPLIER_CIRCUITRY                 ; AUTO     ; Untyped                          ;
; DEDICATED_MULTIPLIER_MIN_INPUT_WIDTH_FOR_AUTO  ; 0        ; Untyped                          ;
; DEDICATED_MULTIPLIER_MIN_OUTPUT_WIDTH_FOR_AUTO ; 0        ; Untyped                          ;
; CBXI_PARAMETER                                 ; mult_bjm ; Untyped                          ;
; INPUT_A_FIXED_VALUE                            ; Bx       ; Untyped                          ;
; INPUT_B_FIXED_VALUE                            ; Bx       ; Untyped                          ;
; USE_AHDL_IMPLEMENTATION                        ; OFF      ; Untyped                          ;
+------------------------------------------------+----------+----------------------------------+
Note: In order to hide this table in the UI and the text report file, please set the "Show Parameter Settings in Synthesis Report" option in "Analysis and Synthesis Settings -> More Settings" to "Off".


+--------------------------------------------------------+
; Parameter Settings for User Entity Instance: ALU:test2 ;
+----------------+-------+-------------------------------+
; Parameter Name ; Value ; Type                          ;
+----------------+-------+-------------------------------+
; ZERO           ; 0000  ; Unsigned Binary               ;
; ONE            ; 0001  ; Unsigned Binary               ;
; TWO            ; 0010  ; Unsigned Binary               ;
; THREE          ; 0011  ; Unsigned Binary               ;
; FOUR           ; 0100  ; Unsigned Binary               ;
+----------------+-------+-------------------------------+
Note: In order to hide this table in the UI and the text report file, please set the "Show Parameter Settings in Synthesis Report" option in "Analysis and Synthesis Settings -> More Settings" to "Off".


+----------------------------------------------------------------------------------------------+
; Parameter Settings for User Entity Instance: ALU:test2|mult:MULT|lpm_mult:lpm_mult_component ;
+------------------------------------------------+----------+----------------------------------+
; Parameter Name                                 ; Value    ; Type                             ;
+------------------------------------------------+----------+----------------------------------+
; AUTO_CARRY_CHAINS                              ; ON       ; AUTO_CARRY                       ;
; IGNORE_CARRY_BUFFERS                           ; OFF      ; IGNORE_CARRY                     ;
; AUTO_CASCADE_CHAINS                            ; ON       ; AUTO_CASCADE                     ;
; IGNORE_CASCADE_BUFFERS                         ; OFF      ; IGNORE_CASCADE                   ;
; LPM_WIDTHA                                     ; 16       ; Signed Integer                   ;
; LPM_WIDTHB                                     ; 16       ; Signed Integer                   ;
; LPM_WIDTHP                                     ; 32       ; Signed Integer                   ;
; LPM_WIDTHR                                     ; 0        ; Untyped                          ;
; LPM_WIDTHS                                     ; 1        ; Untyped                          ;
; LPM_REPRESENTATION                             ; SIGNED   ; Untyped                          ;
; LPM_PIPELINE                                   ; 0        ; Untyped                          ;
; LATENCY                                        ; 0        ; Untyped                          ;
; INPUT_A_IS_CONSTANT                            ; NO       ; Untyped                          ;
; INPUT_B_IS_CONSTANT                            ; NO       ; Untyped                          ;
; USE_EAB                                        ; OFF      ; Untyped                          ;
; MAXIMIZE_SPEED                                 ; 5        ; Untyped                          ;
; DEVICE_FAMILY                                  ; MAX 10   ; Untyped                          ;
; CARRY_CHAIN                                    ; MANUAL   ; Untyped                          ;
; APEX20K_TECHNOLOGY_MAPPER                      ; LUT      ; TECH_MAPPER_APEX20K              ;
; DEDICATED_MULTIPLIER_CIRCUITRY                 ; AUTO     ; Untyped                          ;
; DEDICATED_MULTIPLIER_MIN_INPUT_WIDTH_FOR_AUTO  ; 0        ; Untyped                          ;
; DEDICATED_MULTIPLIER_MIN_OUTPUT_WIDTH_FOR_AUTO ; 0        ; Untyped                          ;
; CBXI_PARAMETER                                 ; mult_bjm ; Untyped                          ;
; INPUT_A_FIXED_VALUE                            ; Bx       ; Untyped                          ;
; INPUT_B_FIXED_VALUE                            ; Bx       ; Untyped                          ;
; USE_AHDL_IMPLEMENTATION                        ; OFF      ; Untyped                          ;
+------------------------------------------------+----------+----------------------------------+
Note: In order to hide this table in the UI and the text report file, please set the "Show Parameter Settings in Synthesis Report" option in "Analysis and Synthesis Settings -> More Settings" to "Off".


+--------------------------------------------------------+
; Parameter Settings for User Entity Instance: ALU:test3 ;
+----------------+-------+-------------------------------+
; Parameter Name ; Value ; Type                          ;
+----------------+-------+-------------------------------+
; ZERO           ; 0000  ; Unsigned Binary               ;
; ONE            ; 0001  ; Unsigned Binary               ;
; TWO            ; 0010  ; Unsigned Binary               ;
; THREE          ; 0011  ; Unsigned Binary               ;
; FOUR           ; 0100  ; Unsigned Binary               ;
+----------------+-------+-------------------------------+
Note: In order to hide this table in the UI and the text report file, please set the "Show Parameter Settings in Synthesis Report" option in "Analysis and Synthesis Settings -> More Settings" to "Off".


+----------------------------------------------------------------------------------------------+
; Parameter Settings for User Entity Instance: ALU:test3|mult:MULT|lpm_mult:lpm_mult_component ;
+------------------------------------------------+----------+----------------------------------+
; Parameter Name                                 ; Value    ; Type                             ;
+------------------------------------------------+----------+----------------------------------+
; AUTO_CARRY_CHAINS                              ; ON       ; AUTO_CARRY                       ;
; IGNORE_CARRY_BUFFERS                           ; OFF      ; IGNORE_CARRY                     ;
; AUTO_CASCADE_CHAINS                            ; ON       ; AUTO_CASCADE                     ;
; IGNORE_CASCADE_BUFFERS                         ; OFF      ; IGNORE_CASCADE                   ;
; LPM_WIDTHA                                     ; 16       ; Signed Integer                   ;
; LPM_WIDTHB                                     ; 16       ; Signed Integer                   ;
; LPM_WIDTHP                                     ; 32       ; Signed Integer                   ;
; LPM_WIDTHR                                     ; 0        ; Untyped                          ;
; LPM_WIDTHS                                     ; 1        ; Untyped                          ;
; LPM_REPRESENTATION                             ; SIGNED   ; Untyped                          ;
; LPM_PIPELINE                                   ; 0        ; Untyped                          ;
; LATENCY                                        ; 0        ; Untyped                          ;
; INPUT_A_IS_CONSTANT                            ; NO       ; Untyped                          ;
; INPUT_B_IS_CONSTANT                            ; NO       ; Untyped                          ;
; USE_EAB                                        ; OFF      ; Untyped                          ;
; MAXIMIZE_SPEED                                 ; 5        ; Untyped                          ;
; DEVICE_FAMILY                                  ; MAX 10   ; Untyped                          ;
; CARRY_CHAIN                                    ; MANUAL   ; Untyped                          ;
; APEX20K_TECHNOLOGY_MAPPER                      ; LUT      ; TECH_MAPPER_APEX20K              ;
; DEDICATED_MULTIPLIER_CIRCUITRY                 ; AUTO     ; Untyped                          ;
; DEDICATED_MULTIPLIER_MIN_INPUT_WIDTH_FOR_AUTO  ; 0        ; Untyped                          ;
; DEDICATED_MULTIPLIER_MIN_OUTPUT_WIDTH_FOR_AUTO ; 0        ; Untyped                          ;
; CBXI_PARAMETER                                 ; mult_bjm ; Untyped                          ;
; INPUT_A_FIXED_VALUE                            ; Bx       ; Untyped                          ;
; INPUT_B_FIXED_VALUE                            ; Bx       ; Untyped                          ;
; USE_AHDL_IMPLEMENTATION                        ; OFF      ; Untyped                          ;
+------------------------------------------------+----------+----------------------------------+
Note: In order to hide this table in the UI and the text report file, please set the "Show Parameter Settings in Synthesis Report" option in "Analysis and Synthesis Settings -> More Settings" to "Off".


+--------------------------------------------------------+
; Parameter Settings for User Entity Instance: ALU:test4 ;
+----------------+-------+-------------------------------+
; Parameter Name ; Value ; Type                          ;
+----------------+-------+-------------------------------+
; ZERO           ; 0000  ; Unsigned Binary               ;
; ONE            ; 0001  ; Unsigned Binary               ;
; TWO            ; 0010  ; Unsigned Binary               ;
; THREE          ; 0011  ; Unsigned Binary               ;
; FOUR           ; 0100  ; Unsigned Binary               ;
+----------------+-------+-------------------------------+
Note: In order to hide this table in the UI and the text report file, please set the "Show Parameter Settings in Synthesis Report" option in "Analysis and Synthesis Settings -> More Settings" to "Off".


+----------------------------------------------------------------------------------------------+
; Parameter Settings for User Entity Instance: ALU:test4|mult:MULT|lpm_mult:lpm_mult_component ;
+------------------------------------------------+----------+----------------------------------+
; Parameter Name                                 ; Value    ; Type                             ;
+------------------------------------------------+----------+----------------------------------+
; AUTO_CARRY_CHAINS                              ; ON       ; AUTO_CARRY                       ;
; IGNORE_CARRY_BUFFERS                           ; OFF      ; IGNORE_CARRY                     ;
; AUTO_CASCADE_CHAINS                            ; ON       ; AUTO_CASCADE                     ;
; IGNORE_CASCADE_BUFFERS                         ; OFF      ; IGNORE_CASCADE                   ;
; LPM_WIDTHA                                     ; 16       ; Signed Integer                   ;
; LPM_WIDTHB                                     ; 16       ; Signed Integer                   ;
; LPM_WIDTHP                                     ; 32       ; Signed Integer                   ;
; LPM_WIDTHR                                     ; 0        ; Untyped                          ;
; LPM_WIDTHS                                     ; 1        ; Untyped                          ;
; LPM_REPRESENTATION                             ; SIGNED   ; Untyped                          ;
; LPM_PIPELINE                                   ; 0        ; Untyped                          ;
; LATENCY                                        ; 0        ; Untyped                          ;
; INPUT_A_IS_CONSTANT                            ; NO       ; Untyped                          ;
; INPUT_B_IS_CONSTANT                            ; NO       ; Untyped                          ;
; USE_EAB                                        ; OFF      ; Untyped                          ;
; MAXIMIZE_SPEED                                 ; 5        ; Untyped                          ;
; DEVICE_FAMILY                                  ; MAX 10   ; Untyped                          ;
; CARRY_CHAIN                                    ; MANUAL   ; Untyped                          ;
; APEX20K_TECHNOLOGY_MAPPER                      ; LUT      ; TECH_MAPPER_APEX20K              ;
; DEDICATED_MULTIPLIER_CIRCUITRY                 ; AUTO     ; Untyped                          ;
; DEDICATED_MULTIPLIER_MIN_INPUT_WIDTH_FOR_AUTO  ; 0        ; Untyped                          ;
; DEDICATED_MULTIPLIER_MIN_OUTPUT_WIDTH_FOR_AUTO ; 0        ; Untyped                          ;
; CBXI_PARAMETER                                 ; mult_bjm ; Untyped                          ;
; INPUT_A_FIXED_VALUE                            ; Bx       ; Untyped                          ;
; INPUT_B_FIXED_VALUE                            ; Bx       ; Untyped                          ;
; USE_AHDL_IMPLEMENTATION                        ; OFF      ; Untyped                          ;
+------------------------------------------------+----------+----------------------------------+
Note: In order to hide this table in the UI and the text report file, please set the "Show Parameter Settings in Synthesis Report" option in "Analysis and Synthesis Settings -> More Settings" to "Off".


+--------------------------------------------------------+
; Parameter Settings for User Entity Instance: ALU:test5 ;
+----------------+-------+-------------------------------+
; Parameter Name ; Value ; Type                          ;
+----------------+-------+-------------------------------+
; ZERO           ; 0000  ; Unsigned Binary               ;
; ONE            ; 0001  ; Unsigned Binary               ;
; TWO            ; 0010  ; Unsigned Binary               ;
; THREE          ; 0011  ; Unsigned Binary               ;
; FOUR           ; 0100  ; Unsigned Binary               ;
+----------------+-------+-------------------------------+
Note: In order to hide this table in the UI and the text report file, please set the "Show Parameter Settings in Synthesis Report" option in "Analysis and Synthesis Settings -> More Settings" to "Off".


+----------------------------------------------------------------------------------------------+
; Parameter Settings for User Entity Instance: ALU:test5|mult:MULT|lpm_mult:lpm_mult_component ;
+------------------------------------------------+----------+----------------------------------+
; Parameter Name                                 ; Value    ; Type                             ;
+------------------------------------------------+----------+----------------------------------+
; AUTO_CARRY_CHAINS                              ; ON       ; AUTO_CARRY                       ;
; IGNORE_CARRY_BUFFERS                           ; OFF      ; IGNORE_CARRY                     ;
; AUTO_CASCADE_CHAINS                            ; ON       ; AUTO_CASCADE                     ;
; IGNORE_CASCADE_BUFFERS                         ; OFF      ; IGNORE_CASCADE                   ;
; LPM_WIDTHA                                     ; 16       ; Signed Integer                   ;
; LPM_WIDTHB                                     ; 16       ; Signed Integer                   ;
; LPM_WIDTHP                                     ; 32       ; Signed Integer                   ;
; LPM_WIDTHR                                     ; 0        ; Untyped                          ;
; LPM_WIDTHS                                     ; 1        ; Untyped                          ;
; LPM_REPRESENTATION                             ; SIGNED   ; Untyped                          ;
; LPM_PIPELINE                                   ; 0        ; Untyped                          ;
; LATENCY                                        ; 0        ; Untyped                          ;
; INPUT_A_IS_CONSTANT                            ; NO       ; Untyped                          ;
; INPUT_B_IS_CONSTANT                            ; NO       ; Untyped                          ;
; USE_EAB                                        ; OFF      ; Untyped                          ;
; MAXIMIZE_SPEED                                 ; 5        ; Untyped                          ;
; DEVICE_FAMILY                                  ; MAX 10   ; Untyped                          ;
; CARRY_CHAIN                                    ; MANUAL   ; Untyped                          ;
; APEX20K_TECHNOLOGY_MAPPER                      ; LUT      ; TECH_MAPPER_APEX20K              ;
; DEDICATED_MULTIPLIER_CIRCUITRY                 ; AUTO     ; Untyped                          ;
; DEDICATED_MULTIPLIER_MIN_INPUT_WIDTH_FOR_AUTO  ; 0        ; Untyped                          ;
; DEDICATED_MULTIPLIER_MIN_OUTPUT_WIDTH_FOR_AUTO ; 0        ; Untyped                          ;
; CBXI_PARAMETER                                 ; mult_bjm ; Untyped                          ;
; INPUT_A_FIXED_VALUE                            ; Bx       ; Untyped                          ;
; INPUT_B_FIXED_VALUE                            ; Bx       ; Untyped                          ;
; USE_AHDL_IMPLEMENTATION                        ; OFF      ; Untyped                          ;
+------------------------------------------------+----------+----------------------------------+
Note: In order to hide this table in the UI and the text report file, please set the "Show Parameter Settings in Synthesis Report" option in "Analysis and Synthesis Settings -> More Settings" to "Off".


+----------------------------------------------------------------------------------------------+
; Parameter Settings for User Entity Instance: mult:MULTIPLICATION|lpm_mult:lpm_mult_component ;
+------------------------------------------------+----------+----------------------------------+
; Parameter Name                                 ; Value    ; Type                             ;
+------------------------------------------------+----------+----------------------------------+
; AUTO_CARRY_CHAINS                              ; ON       ; AUTO_CARRY                       ;
; IGNORE_CARRY_BUFFERS                           ; OFF      ; IGNORE_CARRY                     ;
; AUTO_CASCADE_CHAINS                            ; ON       ; AUTO_CASCADE                     ;
; IGNORE_CASCADE_BUFFERS                         ; OFF      ; IGNORE_CASCADE                   ;
; LPM_WIDTHA                                     ; 16       ; Signed Integer                   ;
; LPM_WIDTHB                                     ; 16       ; Signed Integer                   ;
; LPM_WIDTHP                                     ; 32       ; Signed Integer                   ;
; LPM_WIDTHR                                     ; 0        ; Untyped                          ;
; LPM_WIDTHS                                     ; 1        ; Untyped                          ;
; LPM_REPRESENTATION                             ; SIGNED   ; Untyped                          ;
; LPM_PIPELINE                                   ; 0        ; Untyped                          ;
; LATENCY                                        ; 0        ; Untyped                          ;
; INPUT_A_IS_CONSTANT                            ; NO       ; Untyped                          ;
; INPUT_B_IS_CONSTANT                            ; NO       ; Untyped                          ;
; USE_EAB                                        ; OFF      ; Untyped                          ;
; MAXIMIZE_SPEED                                 ; 5        ; Untyped                          ;
; DEVICE_FAMILY                                  ; MAX 10   ; Untyped                          ;
; CARRY_CHAIN                                    ; MANUAL   ; Untyped                          ;
; APEX20K_TECHNOLOGY_MAPPER                      ; LUT      ; TECH_MAPPER_APEX20K              ;
; DEDICATED_MULTIPLIER_CIRCUITRY                 ; AUTO     ; Untyped                          ;
; DEDICATED_MULTIPLIER_MIN_INPUT_WIDTH_FOR_AUTO  ; 0        ; Untyped                          ;
; DEDICATED_MULTIPLIER_MIN_OUTPUT_WIDTH_FOR_AUTO ; 0        ; Untyped                          ;
; CBXI_PARAMETER                                 ; mult_bjm ; Untyped                          ;
; INPUT_A_FIXED_VALUE                            ; Bx       ; Untyped                          ;
; INPUT_B_FIXED_VALUE                            ; Bx       ; Untyped                          ;
; USE_AHDL_IMPLEMENTATION                        ; OFF      ; Untyped                          ;
+------------------------------------------------+----------+----------------------------------+
Note: In order to hide this table in the UI and the text report file, please set the "Show Parameter Settings in Synthesis Report" option in "Analysis and Synthesis Settings -> More Settings" to "Off".


+-----------------------------------------------------------------------------------------+
; lpm_mult Parameter Settings by Entity Instance                                          ;
+---------------------------------------+-------------------------------------------------+
; Name                                  ; Value                                           ;
+---------------------------------------+-------------------------------------------------+
; Number of entity instances            ; 6                                               ;
; Entity Instance                       ; ALU:test1|mult:MULT|lpm_mult:lpm_mult_component ;
;     -- LPM_WIDTHA                     ; 16                                              ;
;     -- LPM_WIDTHB                     ; 16                                              ;
;     -- LPM_WIDTHP                     ; 32                                              ;
;     -- LPM_REPRESENTATION             ; SIGNED                                          ;
;     -- INPUT_A_IS_CONSTANT            ; NO                                              ;
;     -- INPUT_B_IS_CONSTANT            ; NO                                              ;
;     -- USE_EAB                        ; OFF                                             ;
;     -- DEDICATED_MULTIPLIER_CIRCUITRY ; AUTO                                            ;
;     -- INPUT_A_FIXED_VALUE            ; Bx                                              ;
;     -- INPUT_B_FIXED_VALUE            ; Bx                                              ;
; Entity Instance                       ; ALU:test2|mult:MULT|lpm_mult:lpm_mult_component ;
;     -- LPM_WIDTHA                     ; 16                                              ;
;     -- LPM_WIDTHB                     ; 16                                              ;
;     -- LPM_WIDTHP                     ; 32                                              ;
;     -- LPM_REPRESENTATION             ; SIGNED                                          ;
;     -- INPUT_A_IS_CONSTANT            ; NO                                              ;
;     -- INPUT_B_IS_CONSTANT            ; NO                                              ;
;     -- USE_EAB                        ; OFF                                             ;
;     -- DEDICATED_MULTIPLIER_CIRCUITRY ; AUTO                                            ;
;     -- INPUT_A_FIXED_VALUE            ; Bx                                              ;
;     -- INPUT_B_FIXED_VALUE            ; Bx                                              ;
; Entity Instance                       ; ALU:test3|mult:MULT|lpm_mult:lpm_mult_component ;
;     -- LPM_WIDTHA                     ; 16                                              ;
;     -- LPM_WIDTHB                     ; 16                                              ;
;     -- LPM_WIDTHP                     ; 32                                              ;
;     -- LPM_REPRESENTATION             ; SIGNED                                          ;
;     -- INPUT_A_IS_CONSTANT            ; NO                                              ;
;     -- INPUT_B_IS_CONSTANT            ; NO                                              ;
;     -- USE_EAB                        ; OFF                                             ;
;     -- DEDICATED_MULTIPLIER_CIRCUITRY ; AUTO                                            ;
;     -- INPUT_A_FIXED_VALUE            ; Bx                                              ;
;     -- INPUT_B_FIXED_VALUE            ; Bx                                              ;
; Entity Instance                       ; ALU:test4|mult:MULT|lpm_mult:lpm_mult_component ;
;     -- LPM_WIDTHA                     ; 16                                              ;
;     -- LPM_WIDTHB                     ; 16                                              ;
;     -- LPM_WIDTHP                     ; 32                                              ;
;     -- LPM_REPRESENTATION             ; SIGNED                                          ;
;     -- INPUT_A_IS_CONSTANT            ; NO                                              ;
;     -- INPUT_B_IS_CONSTANT            ; NO                                              ;
;     -- USE_EAB                        ; OFF                                             ;
;     -- DEDICATED_MULTIPLIER_CIRCUITRY ; AUTO                                            ;
;     -- INPUT_A_FIXED_VALUE            ; Bx                                              ;
;     -- INPUT_B_FIXED_VALUE            ; Bx                                              ;
; Entity Instance                       ; ALU:test5|mult:MULT|lpm_mult:lpm_mult_component ;
;     -- LPM_WIDTHA                     ; 16                                              ;
;     -- LPM_WIDTHB                     ; 16                                              ;
;     -- LPM_WIDTHP                     ; 32                                              ;
;     -- LPM_REPRESENTATION             ; SIGNED                                          ;
;     -- INPUT_A_IS_CONSTANT            ; NO                                              ;
;     -- INPUT_B_IS_CONSTANT            ; NO                                              ;
;     -- USE_EAB                        ; OFF                                             ;
;     -- DEDICATED_MULTIPLIER_CIRCUITRY ; AUTO                                            ;
;     -- INPUT_A_FIXED_VALUE            ; Bx                                              ;
;     -- INPUT_B_FIXED_VALUE            ; Bx                                              ;
; Entity Instance                       ; mult:MULTIPLICATION|lpm_mult:lpm_mult_component ;
;     -- LPM_WIDTHA                     ; 16                                              ;
;     -- LPM_WIDTHB                     ; 16                                              ;
;     -- LPM_WIDTHP                     ; 32                                              ;
;     -- LPM_REPRESENTATION             ; SIGNED                                          ;
;     -- INPUT_A_IS_CONSTANT            ; NO                                              ;
;     -- INPUT_B_IS_CONSTANT            ; NO                                              ;
;     -- USE_EAB                        ; OFF                                             ;
;     -- DEDICATED_MULTIPLIER_CIRCUITRY ; AUTO                                            ;
;     -- INPUT_A_FIXED_VALUE            ; Bx                                              ;
;     -- INPUT_B_FIXED_VALUE            ; Bx                                              ;
+---------------------------------------+-------------------------------------------------+


+------------------------------------------------------------------------------------------------------------+
; Analysis & Elaboration Settings                                                                            ;
+------------------------------------------------------------------+--------------------+--------------------+
; Option                                                           ; Setting            ; Default Value      ;
+------------------------------------------------------------------+--------------------+--------------------+
; Device                                                           ; 10M50DAF484C7G     ;                    ;
; Top-level entity name                                            ; ALU_tb             ; Assignment         ;
; Family name                                                      ; MAX 10             ; Cyclone V          ;
; Use smart compilation                                            ; Off                ; Off                ;
; Enable parallel Assembler and Timing Analyzer during compilation ; On                 ; On                 ;
; Enable compact report table                                      ; Off                ; Off                ;
; Restructure Multiplexers                                         ; Auto               ; Auto               ;
; Create Debugging Nodes for IP Cores                              ; Off                ; Off                ;
; Preserve fewer node names                                        ; On                 ; On                 ;
; Intel FPGA IP Evaluation Mode                                    ; Enable             ; Enable             ;
; Verilog Version                                                  ; Verilog_2001       ; Verilog_2001       ;
; VHDL Version                                                     ; VHDL_1993          ; VHDL_1993          ;
; State Machine Processing                                         ; Auto               ; Auto               ;
; Safe State Machine                                               ; Off                ; Off                ;
; Extract Verilog State Machines                                   ; On                 ; On                 ;
; Extract VHDL State Machines                                      ; On                 ; On                 ;
; Ignore Verilog initial constructs                                ; Off                ; Off                ;
; Iteration limit for constant Verilog loops                       ; 5000               ; 5000               ;
; Iteration limit for non-constant Verilog loops                   ; 250                ; 250                ;
; Add Pass-Through Logic to Inferred RAMs                          ; On                 ; On                 ;
; Infer RAMs from Raw Logic                                        ; On                 ; On                 ;
; Parallel Synthesis                                               ; On                 ; On                 ;
; DSP Block Balancing                                              ; Auto               ; Auto               ;
; NOT Gate Push-Back                                               ; On                 ; On                 ;
; Power-Up Don't Care                                              ; On                 ; On                 ;
; Remove Redundant Logic Cells                                     ; Off                ; Off                ;
; Remove Duplicate Registers                                       ; On                 ; On                 ;
; Ignore CARRY Buffers                                             ; Off                ; Off                ;
; Ignore CASCADE Buffers                                           ; Off                ; Off                ;
; Ignore GLOBAL Buffers                                            ; Off                ; Off                ;
; Ignore ROW GLOBAL Buffers                                        ; Off                ; Off                ;
; Ignore LCELL Buffers                                             ; Off                ; Off                ;
; Ignore SOFT Buffers                                              ; On                 ; On                 ;
; Limit AHDL Integers to 32 Bits                                   ; Off                ; Off                ;
; Optimization Technique                                           ; Balanced           ; Balanced           ;
; Carry Chain Length                                               ; 70                 ; 70                 ;
; Auto Carry Chains                                                ; On                 ; On                 ;
; Auto Open-Drain Pins                                             ; On                 ; On                 ;
; Perform WYSIWYG Primitive Resynthesis                            ; Off                ; Off                ;
; Auto ROM Replacement                                             ; On                 ; On                 ;
; Auto RAM Replacement                                             ; On                 ; On                 ;
; Auto DSP Block Replacement                                       ; On                 ; On                 ;
; Auto Shift Register Replacement                                  ; Auto               ; Auto               ;
; Allow Shift Register Merging across Hierarchies                  ; Auto               ; Auto               ;
; Auto Clock Enable Replacement                                    ; On                 ; On                 ;
; Strict RAM Replacement                                           ; Off                ; Off                ;
; Allow Synchronous Control Signals                                ; On                 ; On                 ;
; Force Use of Synchronous Clear Signals                           ; Off                ; Off                ;
; Auto RAM Block Balancing                                         ; On                 ; On                 ;
; Auto RAM to Logic Cell Conversion                                ; Off                ; Off                ;
; Auto Resource Sharing                                            ; Off                ; Off                ;
; Allow Any RAM Size For Recognition                               ; Off                ; Off                ;
; Allow Any ROM Size For Recognition                               ; Off                ; Off                ;
; Allow Any Shift Register Size For Recognition                    ; Off                ; Off                ;
; Use LogicLock Constraints during Resource Balancing              ; On                 ; On                 ;
; Ignore translate_off and synthesis_off directives                ; Off                ; Off                ;
; Timing-Driven Synthesis                                          ; On                 ; On                 ;
; Report Parameter Settings                                        ; On                 ; On                 ;
; Report Source Assignments                                        ; On                 ; On                 ;
; Report Connectivity Checks                                       ; On                 ; On                 ;
; Ignore Maximum Fan-Out Assignments                               ; Off                ; Off                ;
; Synchronization Register Chain Length                            ; 2                  ; 2                  ;
; Power Optimization During Synthesis                              ; Normal compilation ; Normal compilation ;
; HDL message level                                                ; Level2             ; Level2             ;
; Suppress Register Optimization Related Messages                  ; Off                ; Off                ;
; Number of Removed Registers Reported in Synthesis Report         ; 5000               ; 5000               ;
; Number of Swept Nodes Reported in Synthesis Report               ; 5000               ; 5000               ;
; Number of Inverted Registers Reported in Synthesis Report        ; 100                ; 100                ;
; Clock MUX Protection                                             ; On                 ; On                 ;
; Auto Gated Clock Conversion                                      ; Off                ; Off                ;
; Block Design Naming                                              ; Auto               ; Auto               ;
; SDC constraint protection                                        ; Off                ; Off                ;
; Synthesis Effort                                                 ; Auto               ; Auto               ;
; Shift Register Replacement - Allow Asynchronous Clear Signal     ; On                 ; On                 ;
; Pre-Mapping Resynthesis Optimization                             ; Off                ; Off                ;
; Analysis & Synthesis Message Level                               ; Medium             ; Medium             ;
; Disable Register Merging Across Hierarchies                      ; Auto               ; Auto               ;
; Resource Aware Inference For Block RAM                           ; On                 ; On                 ;
+------------------------------------------------------------------+--------------------+--------------------+


+------------------------------------------------------------------------------------------------------------------+
; Port Connectivity Checks: "mult:MULTIPLICATION"                                                                  ;
+--------+--------+----------+-------------------------------------------------------------------------------------+
; Port   ; Type   ; Severity ; Details                                                                             ;
+--------+--------+----------+-------------------------------------------------------------------------------------+
; result ; Output ; Info     ; Connected to dangling logic. Logic that only feeds a dangling port will be removed. ;
+--------+--------+----------+-------------------------------------------------------------------------------------+


+------------------------------------------------------------------------------------------------------------------+
; Port Connectivity Checks: "ALU:test5"                                                                            ;
+--------+--------+----------+-------------------------------------------------------------------------------------+
; Port   ; Type   ; Severity ; Details                                                                             ;
+--------+--------+----------+-------------------------------------------------------------------------------------+
; result ; Output ; Info     ; Connected to dangling logic. Logic that only feeds a dangling port will be removed. ;
+--------+--------+----------+-------------------------------------------------------------------------------------+


+------------------------------------------------------------------------------------------------------------------+
; Port Connectivity Checks: "ALU:test4"                                                                            ;
+--------+--------+----------+-------------------------------------------------------------------------------------+
; Port   ; Type   ; Severity ; Details                                                                             ;
+--------+--------+----------+-------------------------------------------------------------------------------------+
; result ; Output ; Info     ; Connected to dangling logic. Logic that only feeds a dangling port will be removed. ;
+--------+--------+----------+-------------------------------------------------------------------------------------+


+------------------------------------------------------------------------------------------------------------------+
; Port Connectivity Checks: "ALU:test3"                                                                            ;
+--------+--------+----------+-------------------------------------------------------------------------------------+
; Port   ; Type   ; Severity ; Details                                                                             ;
+--------+--------+----------+-------------------------------------------------------------------------------------+
; result ; Output ; Info     ; Connected to dangling logic. Logic that only feeds a dangling port will be removed. ;
+--------+--------+----------+-------------------------------------------------------------------------------------+


+------------------------------------------------------------------------------------------------------------------+
; Port Connectivity Checks: "ALU:test2"                                                                            ;
+--------+--------+----------+-------------------------------------------------------------------------------------+
; Port   ; Type   ; Severity ; Details                                                                             ;
+--------+--------+----------+-------------------------------------------------------------------------------------+
; result ; Output ; Info     ; Connected to dangling logic. Logic that only feeds a dangling port will be removed. ;
+--------+--------+----------+-------------------------------------------------------------------------------------+


+--------------------------------------------------------------------------------------------------------------------------+
; Port Connectivity Checks: "ALU:test1|mult:MULT"                                                                          ;
+----------------+--------+----------+-------------------------------------------------------------------------------------+
; Port           ; Type   ; Severity ; Details                                                                             ;
+----------------+--------+----------+-------------------------------------------------------------------------------------+
; result[31..16] ; Output ; Info     ; Connected to dangling logic. Logic that only feeds a dangling port will be removed. ;
+----------------+--------+----------+-------------------------------------------------------------------------------------+


+------------------------------------------------------------------------------------------------------------------+
; Port Connectivity Checks: "ALU:test1"                                                                            ;
+--------+--------+----------+-------------------------------------------------------------------------------------+
; Port   ; Type   ; Severity ; Details                                                                             ;
+--------+--------+----------+-------------------------------------------------------------------------------------+
; result ; Output ; Info     ; Connected to dangling logic. Logic that only feeds a dangling port will be removed. ;
+--------+--------+----------+-------------------------------------------------------------------------------------+


+---------------------------------+
; Analysis & Elaboration Messages ;
+---------------------------------+
Info: *******************************************************************
Info: Running Quartus Prime Analysis & Elaboration
    Info: Version 18.1.0 Build 625 09/12/2018 SJ Lite Edition
    Info: Processing started: Thu Oct 19 00:06:32 2023
Info: Command: quartus_map --read_settings_files=on --write_settings_files=off Assignment -c Assignment --analysis_and_elaboration
Warning (18236): Number of processors has not been specified which may cause overloading on shared machines.  Set the global assignment NUM_PARALLEL_PROCESSORS in your QSF to an appropriate value for best performance.
Info (20030): Parallel compilation is enabled and will use 4 of the 4 processors detected
Info (12021): Found 1 design units, including 1 entities, in source file bcd.v
    Info (12023): Found entity 1: bcd File: C:/intelFPGA_lite/ECE2072/Assignment/bcd.v Line: 3
Warning (12019): Can't analyze file -- file proc_tb.v is missing
Info (12021): Found 3 design units, including 3 entities, in source file proc_extension.v
    Info (12023): Found entity 1: proc_extension File: C:/intelFPGA_lite/ECE2072/Assignment/proc_extension.v Line: 10
    Info (12023): Found entity 2: extended_proc File: C:/intelFPGA_lite/ECE2072/Assignment/proc_extension.v Line: 85
    Info (12023): Found entity 3: bcd_sign File: C:/intelFPGA_lite/ECE2072/Assignment/proc_extension.v Line: 441
Warning (12019): Can't analyze file -- file proc.v is missing
Info (12021): Found 5 design units, including 5 entities, in source file components.v
    Info (12023): Found entity 1: sign_extend File: C:/intelFPGA_lite/ECE2072/Assignment/components.v Line: 11
    Info (12023): Found entity 2: tick_FSM File: C:/intelFPGA_lite/ECE2072/Assignment/components.v Line: 40
    Info (12023): Found entity 3: multiplexer File: C:/intelFPGA_lite/ECE2072/Assignment/components.v Line: 91
    Info (12023): Found entity 4: ALU File: C:/intelFPGA_lite/ECE2072/Assignment/components.v Line: 134
    Info (12023): Found entity 5: register_n File: C:/intelFPGA_lite/ECE2072/Assignment/components.v Line: 261
Info (12021): Found 1 design units, including 1 entities, in source file sign_extend_tb.v
    Info (12023): Found entity 1: sign_extend_tb File: C:/intelFPGA_lite/ECE2072/Assignment/sign_extend_tb.v Line: 12
Info (12021): Found 1 design units, including 1 entities, in source file tick_fsm_tb.v
    Info (12023): Found entity 1: tick_FSM_tb File: C:/intelFPGA_lite/ECE2072/Assignment/tick_FSM_tb.v Line: 12
Info (12021): Found 1 design units, including 1 entities, in source file alu_tb.v
    Info (12023): Found entity 1: ALU_tb File: C:/intelFPGA_lite/ECE2072/Assignment/ALU_tb.v Line: 12
Info (12021): Found 1 design units, including 1 entities, in source file multiplexer_tb.v
    Info (12023): Found entity 1: multiplexer_tb File: C:/intelFPGA_lite/ECE2072/Assignment/multiplexer_tb.v Line: 12
Info (12021): Found 1 design units, including 1 entities, in source file proc_extension_tb.v
    Info (12023): Found entity 1: proc_extension_tb File: C:/intelFPGA_lite/ECE2072/Assignment/proc_extension_tb.v Line: 11
Info (12021): Found 1 design units, including 1 entities, in source file divide16_v2.v
    Info (12023): Found entity 1: divide16_v2 File: C:/intelFPGA_lite/ECE2072/Assignment/divide16_v2.v Line: 39
Info (12021): Found 1 design units, including 1 entities, in source file analysis.v
    Info (12023): Found entity 1: analysis File: C:/intelFPGA_lite/ECE2072/Assignment/analysis.v Line: 1
Info (12021): Found 1 design units, including 1 entities, in source file mult.v
    Info (12023): Found entity 1: mult File: C:/intelFPGA_lite/ECE2072/Assignment/mult.v Line: 39
Info (12021): Found 1 design units, including 1 entities, in source file register_tb.v
    Info (12023): Found entity 1: register_tb File: C:/intelFPGA_lite/ECE2072/Assignment/register_tb.v Line: 12
Info (12127): Elaborating entity "ALU_tb" for the top level hierarchy
Warning (10230): Verilog HDL assignment warning at ALU_tb.v(45): truncated value with size 32 to match size of target (16) File: C:/intelFPGA_lite/ECE2072/Assignment/ALU_tb.v Line: 45
Warning (10230): Verilog HDL assignment warning at ALU_tb.v(51): truncated value with size 32 to match size of target (16) File: C:/intelFPGA_lite/ECE2072/Assignment/ALU_tb.v Line: 51
Warning (10175): Verilog HDL warning at ALU_tb.v(82): ignoring unsupported system task File: C:/intelFPGA_lite/ECE2072/Assignment/ALU_tb.v Line: 82
Warning (10240): Verilog HDL Always Construct warning at ALU_tb.v(69): inferring latch(es) for variable "add_err", which holds its previous value in one or more paths through the always construct File: C:/intelFPGA_lite/ECE2072/Assignment/ALU_tb.v Line: 69
Warning (10240): Verilog HDL Always Construct warning at ALU_tb.v(69): inferring latch(es) for variable "subt_err", which holds its previous value in one or more paths through the always construct File: C:/intelFPGA_lite/ECE2072/Assignment/ALU_tb.v Line: 69
Warning (10240): Verilog HDL Always Construct warning at ALU_tb.v(69): inferring latch(es) for variable "test_op2", which holds its previous value in one or more paths through the always construct File: C:/intelFPGA_lite/ECE2072/Assignment/ALU_tb.v Line: 69
Warning (10240): Verilog HDL Always Construct warning at ALU_tb.v(69): inferring latch(es) for variable "mult_err", which holds its previous value in one or more paths through the always construct File: C:/intelFPGA_lite/ECE2072/Assignment/ALU_tb.v Line: 69
Warning (10240): Verilog HDL Always Construct warning at ALU_tb.v(69): inferring latch(es) for variable "srl_err", which holds its previous value in one or more paths through the always construct File: C:/intelFPGA_lite/ECE2072/Assignment/ALU_tb.v Line: 69
Warning (10240): Verilog HDL Always Construct warning at ALU_tb.v(69): inferring latch(es) for variable "sll_err", which holds its previous value in one or more paths through the always construct File: C:/intelFPGA_lite/ECE2072/Assignment/ALU_tb.v Line: 69
Info (12128): Elaborating entity "ALU" for hierarchy "ALU:test1" File: C:/intelFPGA_lite/ECE2072/Assignment/ALU_tb.v Line: 21
Warning (10270): Verilog HDL Case Statement warning at components.v(163): incomplete case statement has no default case item File: C:/intelFPGA_lite/ECE2072/Assignment/components.v Line: 163
Warning (10240): Verilog HDL Always Construct warning at components.v(159): inferring latch(es) for variable "result", which holds its previous value in one or more paths through the always construct File: C:/intelFPGA_lite/ECE2072/Assignment/components.v Line: 159
Info (10041): Inferred latch for "result[0]" at components.v(159) File: C:/intelFPGA_lite/ECE2072/Assignment/components.v Line: 159
Info (10041): Inferred latch for "result[1]" at components.v(159) File: C:/intelFPGA_lite/ECE2072/Assignment/components.v Line: 159
Info (10041): Inferred latch for "result[2]" at components.v(159) File: C:/intelFPGA_lite/ECE2072/Assignment/components.v Line: 159
Info (10041): Inferred latch for "result[3]" at components.v(159) File: C:/intelFPGA_lite/ECE2072/Assignment/components.v Line: 159
Info (10041): Inferred latch for "result[4]" at components.v(159) File: C:/intelFPGA_lite/ECE2072/Assignment/components.v Line: 159
Info (10041): Inferred latch for "result[5]" at components.v(159) File: C:/intelFPGA_lite/ECE2072/Assignment/components.v Line: 159
Info (10041): Inferred latch for "result[6]" at components.v(159) File: C:/intelFPGA_lite/ECE2072/Assignment/components.v Line: 159
Info (10041): Inferred latch for "result[7]" at components.v(159) File: C:/intelFPGA_lite/ECE2072/Assignment/components.v Line: 159
Info (10041): Inferred latch for "result[8]" at components.v(159) File: C:/intelFPGA_lite/ECE2072/Assignment/components.v Line: 159
Info (10041): Inferred latch for "result[9]" at components.v(159) File: C:/intelFPGA_lite/ECE2072/Assignment/components.v Line: 159
Info (10041): Inferred latch for "result[10]" at components.v(159) File: C:/intelFPGA_lite/ECE2072/Assignment/components.v Line: 159
Info (10041): Inferred latch for "result[11]" at components.v(159) File: C:/intelFPGA_lite/ECE2072/Assignment/components.v Line: 159
Info (10041): Inferred latch for "result[12]" at components.v(159) File: C:/intelFPGA_lite/ECE2072/Assignment/components.v Line: 159
Info (10041): Inferred latch for "result[13]" at components.v(159) File: C:/intelFPGA_lite/ECE2072/Assignment/components.v Line: 159
Info (10041): Inferred latch for "result[14]" at components.v(159) File: C:/intelFPGA_lite/ECE2072/Assignment/components.v Line: 159
Info (10041): Inferred latch for "result[15]" at components.v(159) File: C:/intelFPGA_lite/ECE2072/Assignment/components.v Line: 159
Info (12128): Elaborating entity "mult" for hierarchy "ALU:test1|mult:MULT" File: C:/intelFPGA_lite/ECE2072/Assignment/components.v Line: 147
Info (12128): Elaborating entity "lpm_mult" for hierarchy "ALU:test1|mult:MULT|lpm_mult:lpm_mult_component" File: C:/intelFPGA_lite/ECE2072/Assignment/mult.v Line: 59
Info (12130): Elaborated megafunction instantiation "ALU:test1|mult:MULT|lpm_mult:lpm_mult_component" File: C:/intelFPGA_lite/ECE2072/Assignment/mult.v Line: 59
Info (12133): Instantiated megafunction "ALU:test1|mult:MULT|lpm_mult:lpm_mult_component" with the following parameter: File: C:/intelFPGA_lite/ECE2072/Assignment/mult.v Line: 59
    Info (12134): Parameter "lpm_hint" = "MAXIMIZE_SPEED=5"
    Info (12134): Parameter "lpm_representation" = "SIGNED"
    Info (12134): Parameter "lpm_type" = "LPM_MULT"
    Info (12134): Parameter "lpm_widtha" = "16"
    Info (12134): Parameter "lpm_widthb" = "16"
    Info (12134): Parameter "lpm_widthp" = "32"
Info (12021): Found 1 design units, including 1 entities, in source file db/mult_bjm.tdf
    Info (12023): Found entity 1: mult_bjm File: C:/intelFPGA_lite/ECE2072/Assignment/db/mult_bjm.tdf Line: 28
Info (12128): Elaborating entity "mult_bjm" for hierarchy "ALU:test1|mult:MULT|lpm_mult:lpm_mult_component|mult_bjm:auto_generated" File: c:/intelfpga_lite/18.1/quartus/libraries/megafunctions/lpm_mult.tdf Line: 376
Info (144001): Generated suppressed messages file C:/intelFPGA_lite/ECE2072/Assignment/output_files/Assignment.map.smsg
Info: Quartus Prime Analysis & Elaboration was successful. 0 errors, 15 warnings
    Info: Peak virtual memory: 4732 megabytes
    Info: Processing ended: Thu Oct 19 00:06:43 2023
    Info: Elapsed time: 00:00:11
    Info: Total CPU time (on all processors): 00:00:10


+--------------------------------------------+
; Analysis & Elaboration Suppressed Messages ;
+--------------------------------------------+
The suppressed messages can be found in C:/intelFPGA_lite/ECE2072/Assignment/output_files/Assignment.map.smsg.


